2026-08-08T10:53:33.3504426-07:00 pipeline_started
2026-08-08T10:53:33.3684146-07:00 cache_start scale=0.8 path=D:\Unilab0731_ver-mujoco_menagerie\src\unilab\assets\robots\leap_hand\caches\ball_grasp_allegro_new_physics_0731_50k_0.8.npy
Using device: cpu
[2026-08-08 10:53:44,386][unilab.base.backend.mujoco.chunk_tuner][INFO] - chunk_size benchmark: default(=2)=15.87ms, 1=16.88ms, 2=16.87ms, 3=17.56ms, 4=17.87ms, 6=18.82ms, 7=18.82ms, 13=18.95ms, 23=20.93ms, 24=22.53ms -> chosen=None(=2)
[2026-08-08 10:53:44,392][unilab.base.backend.mujoco.chunk_tuner][WARNING] - chunk_size cache write failed: [Errno 13] Permission denied: 'C:\\Users\\timli\\.cache\\unilab\\chunk_size.json.tmp.18512'
--------------------------------------------------------------------------------
Resolved observation sets: 
	 default :  ['policy']
	 actor :  ['policy']
	 critic :  ['policy']
--------------------------------------------------------------------------------
Actor Model: MLPModel(
  (obs_normalizer): EmpiricalNormalization()
  (distribution): GaussianDistribution()
  (mlp): MLP(
    (0): Linear(in_features=105, out_features=512, bias=True)
    (1): ELU(alpha=1.0)
    (2): Linear(in_features=512, out_features=256, bias=True)
    (3): ELU(alpha=1.0)
    (4): Linear(in_features=256, out_features=128, bias=True)
    (5): ELU(alpha=1.0)
    (6): Linear(in_features=128, out_features=16, bias=True)
  )
)
Critic Model: MLPModel(
  (obs_normalizer): EmpiricalNormalization()
  (mlp): MLP(
    (0): Linear(in_features=105, out_features=512, bias=True)
    (1): ELU(alpha=1.0)
    (2): Linear(in_features=512, out_features=256, bias=True)
    (3): ELU(alpha=1.0)
    (4): Linear(in_features=256, out_features=128, bias=True)
    (5): ELU(alpha=1.0)
    (6): Linear(in_features=128, out_features=1, bias=True)
  )
)
Storing git diff for 'Unilab0731_ver-mujoco_menagerie' in: D:\Unilab0731_ver-mujoco_menagerie\logs\rsl_rl_ppo\LeapInhandBallGraspAllegro\2026-08-08_10-53-38_mujoco\git\Unilab0731_ver-mujoco_menagerie.diff
2026-08-08T10:53:46.6449979-07:00 pipeline_failed error=uv command failed with exit code 1: uv run train --algo ppo --task leap_inhand_ball_grasp_allegro --sim mujoco training.no_play=true training.device=cpu env.object_scale=0.8 env.grasp_cache_path=robots/leap_hand/caches/ball_grasp_allegro_new_physics_0731_50k_0.8.npy
